// Jest Snapshot v1, https://goo.gl/fbAQLP

exports[`change la classe lorsqu'on le survole 1`] = `
Array [
  <div
    className="asf-modal-backdrop active"
    onClick={[Function]}
  >
    <div
      className="asf-modal-wrapper"
    >
      <div
        className="asf-modal ipa-modal"
      >
        <div
          className="bar bar-header bar-dark"
        >
          <h2
            className="title"
          >
            <span>
              Project Selection
            </span>
          </h2>
          <button
            className="button button-icon"
            onClick={[Function]}
          >
            <i
              className="icon ion-ios-close-empty"
            />
          </button>
        </div>
        <div
          className="content has-header overflow-scroll"
        >
          <div
            className="padding"
          >
            <div
              style={
                Object {
                  "background": "white",
                  "fontSize": "16px",
                  "height": "100%",
                  "padding": "3% 10%",
                }
              }
            >
              <div
                className="project-picker-modal"
              >
                <div>
                  You are not yet a member of any projects, please
                  <span>
                     contact your project admin for an invite
                  </span>
                </div>
                <div />
              </div>
            </div>
          </div>
        </div>
      </div>
    </div>
  </div>,
  "}",
]
`;
